// Jest Snapshot v1, https://goo.gl/fbAQLP

exports[`app/DragAndDrop matches the snapshot 1`] = `
<div
  class="dragAndDropArea"
>
  Target area here
</div>
`;

exports[`app/DragAndDrop matches the snapshot 2`] = `
<div
  class="dragAndDropMessageWrapper"
>
  <div
    class="dragAndDropMessage"
  >
    Drop a saved profile here
  </div>
</div>
`;
