// Jest Snapshot v1, https://goo.gl/fbAQLP

exports[`timeline/TrackThread matches the snapshot 1`] = `
<div
  className="timelineTrackThread"
>
  <div
    className="timelineTrackThreadMarkerOverview selected"
  >
    <canvas
      className="timelineMarkersCanvas"
      onMouseDown={[Function]}
      onMouseMove={[Function]}
      onMouseOut={[Function]}
      onMouseUp={[Function]}
    />
  </div>
  <div
    className="threadStackGraph"
  >
    <canvas
      className="threadStackGraphCanvas threadStackGraphCanvas"
      onMouseUp={[Function]}
    />
  </div>
  <div
    className="timelineEmptyThreadIndicator"
  />
</div>
`;
