// Jest Snapshot v1, https://goo.gl/fbAQLP

exports[`Viewport matches the component snapshot 1`] = `
<div
  class="chartViewport"
  tabindex="0"
>
  <div
    id="dummy-chart"
  />
  <div
    class="chartViewportCtrlScroll hidden"
  >
    Zoom Chart:
    <kbd
      class="chartViewportCtrlScrollKbd"
    >
      Ctrl
    </kbd>
    <kbd
      class="chartViewportCtrlScrollKbd"
    >
      Scroll
    </kbd>
  </div>
</div>
`;
